Microchip MPLAB XC8 Compiler V2.41

Linker command line:

-W-3 \
  --edf=C:/Program Files/Microchip/MPLABX/v6.15/packs/Microchip/PIC18F-K_DFP/1.11.281/xc8\pic\dat\20230721151103_en.msgs \
  -cn -h+dist/default/debug\Smart_Home.X.debug.sym \
  --cmf=dist/default/debug\Smart_Home.X.debug.cmf -z -Q18F46K20 \
  -oC:\Users\DELL\AppData\Local\Temp\xcAsjh0.\driver_tmp_3.o \
  --defsym=__MPLAB_BUILD=1 --fixupoverflow=error \
  -Mdist/default/debug/Smart_Home.X.debug.map \
  --md=C:\Users\DELL\AppData\Local\Temp\xcAsjh0.\driver_tmp_0.dat -E1 \
  -ver=XC8 Compiler --acfsm=1493 -ACODE=00h-0FFFFh -ACONST=00h-0FFFFh \
  -ASMALLCONST=01000h-010FFhx240 -AMEDIUMCONST=01000h-0FFFFh \
  -ACOMRAM=01h-05Fh -AABS1=00h-0F5Fh -ABIGRAM=01h-0F5Fh \
  -ARAM=060h-0FFh,0100h-01FFhx14,0F00h-0F5Fh -ABANK0=060h-0FFh \
  -ABANK1=0100h-01FFh -ABANK2=0200h-02FFh -ABANK3=0300h-03FFh \
  -ABANK4=0400h-04FFh -ABANK5=0500h-05FFh -ABANK6=0600h-06FFh \
  -ABANK7=0700h-07FFh -ABANK8=0800h-08FFh -ABANK9=0900h-09FFh \
  -ABANK10=0A00h-0AFFh -ABANK11=0B00h-0BFFh -ABANK12=0C00h-0CFFh \
  -ABANK13=0D00h-0DFFh -ABANK14=0E00h-0EFFh -ABANK15=0F00h-0F5Fh \
  -ASFR=0F60h-0FFFh -ABIGSFR=0F60h-0FFFh -ACONFIG=0300000h-030000Dh \
  -AIDLOC=0200000h-0200007h -AEEDATA=0F00000h-0F003FFh -peeprom_data=EEDATA \
  -preset_vec=00h,intcode=08h,intcodelo,powerup,init -pramtop=01000h \
  -psmallconst=SMALLCONST -pmediumconst=MEDIUMCONST -pconst=CONST \
  -AFARRAM=00h-00h \
  -prdata=COMRAM,nvrram=COMRAM,nvbit=COMRAM,rbss=COMRAM,rbit=COMRAM \
  -pfarbss=FARRAM,fardata=FARRAM,nvFARRAM=FARRAM \
  -pintsave_regs=BIGRAM,bigbss=BIGRAM,bigdata=BIGRAM -pbss=RAM \
  -pidata=CODE,irdata=CODE,ibigdata=CODE,ifardata=CODE -prparam=COMRAM \
  C:\Users\DELL\AppData\Local\Temp\xcAsjh0.\driver_tmp_9.o \
  dist/default/debug\Smart_Home.X.debug.o 

Object code version is 3.11

Machine type is 18F46K20



                Name                               Link     Load   Length Selector   Space Scale
C:\Users\DELL\AppData\Local\Temp\xcAsjh0.\driver_tmp_9.o
                config                           300000   300000        E        0       4
                init                                 AC       AC        4        4       0
                reset_vec                             0        0        4        0       0
dist/default/debug\Smart_Home.X.debug.o
                intcode                               8        8       A4        4       0
                config                           300000   300000        E        0       4
                temp                                 4C       4C        1        1       1
                smallconst                         1000     1000       58      800       0
                text50                             164C     164C        2      82C       0
                text49                             1626     1626        6      82C       0
                text48                             1648     1648        4      82C       0
                text47                             1644     1644        4      82C       0
                text46                             1620     1620        6      82C       0
                text45                             1410     1410       2C      82C       0
                text44                             1640     1640        4      82C       0
                text43                             161A     161A        6      82C       0
                text42                             163C     163C        4      82C       0
                text41                             1568     1568       14      82C       0
                text40                             1614     1614        6      82C       0
                text39                             1638     1638        4      82C       0
                text38                             1634     1634        4      82C       0
                text37                             15FA     15FA        8      82C       0
                text36                             1630     1630        4      82C       0
                text35                             12C0     12C0       5C      82C       0
                text34                             15F2     15F2        8      82C       0
                text33                             15A0     15A0        C      82C       0
                text32                             1594     1594        C      82C       0
                text31                             11EA     11EA       74      82C       0
                text30                             15E8     15E8        A      82C       0
                text29                             15DE     15DE        A      82C       0
                text28                             1588     1588        C      82C       0
                text27                             157C     157C        C      82C       0
                text26                             125E     125E       62      82C       0
                text25                             160E     160E        6      82C       0
                text24                             1554     1554       14      82C       0
                text23                             1540     1540       14      82C       0
                text22                             152C     152C       14      82C       0
                text21                             1144     1144       A6      82C       0
                text20                             1608     1608        6      82C       0
                text18                             143C     143C       2A      82C       0
                text17                             162C     162C        4      82C       0
                text16                             15D4     15D4        A      82C       0
                text15                             131C     131C       58      82C       0
                text14                             1058     1058       EC      82C       0
                text13                             15CA     15CA        A      82C       0
                text12                             14E4     14E4       1C      82C       0
                text11                             14C8     14C8       1C      82C       0
                text10                             1374     1374       36      82C       0
                text9                              14AC     14AC       1C      82C       0
                text8                              1602     1602        6      82C       0
                text7                              1466     1466       24      82C       0
                text6                              15C0     15C0        A      82C       0
                text5                              15B6     15B6        A      82C       0
                text4                              15AC     15AC        A      82C       0
                text3                              13AA     13AA       34      82C       0
                text2                              13DE     13DE       32      82C       0
                text1                              1516     1516       16      82C       0
                text0                              148A     148A       22      82C       0
                cstackCOMRAM                         35       35       17        1       1
                cstackBANK0                          60       60        C       60       1
                bssCOMRAM                             1        1       34        1       1
                cinit                              1500     1500       16      82C       0

TOTAL           Name                               Link     Load   Length     Space
        CLASS   CODE           
                intcode                               8        8       A4         0
                init                                 AC       AC        4         0
                reset_vec                             0        0        4         0
                text50                             164C     164C        2         0
                text49                             1626     1626        6         0
                text48                             1648     1648        4         0
                text47                             1644     1644        4         0
                text46                             1620     1620        6         0
                text45                             1410     1410       2C         0
                text44                             1640     1640        4         0
                text43                             161A     161A        6         0
                text42                             163C     163C        4         0
                text41                             1568     1568       14         0
                text40                             1614     1614        6         0
                text39                             1638     1638        4         0
                text38                             1634     1634        4         0
                text37                             15FA     15FA        8         0
                text36                             1630     1630        4         0
                text35                             12C0     12C0       5C         0
                text34                             15F2     15F2        8         0
                text33                             15A0     15A0        C         0
                text32                             1594     1594        C         0
                text31                             11EA     11EA       74         0
                text30                             15E8     15E8        A         0
                text29                             15DE     15DE        A         0
                text28                             1588     1588        C         0
                text27                             157C     157C        C         0
                text26                             125E     125E       62         0
                text25                             160E     160E        6         0
                text24                             1554     1554       14         0
                text23                             1540     1540       14         0
                text22                             152C     152C       14         0
                text21                             1144     1144       A6         0
                text20                             1608     1608        6         0
                text18                             143C     143C       2A         0
                text17                             162C     162C        4         0
                text16                             15D4     15D4        A         0
                text15                             131C     131C       58         0
                text14                             1058     1058       EC         0
                text13                             15CA     15CA        A         0
                text12                             14E4     14E4       1C         0
                text11                             14C8     14C8       1C         0
                text10                             1374     1374       36         0
                text9                              14AC     14AC       1C         0
                text8                              1602     1602        6         0
                text7                              1466     1466       24         0
                text6                              15C0     15C0        A         0
                text5                              15B6     15B6        A         0
                text4                              15AC     15AC        A         0
                text3                              13AA     13AA       34         0
                text2                              13DE     13DE       32         0
                text1                              1516     1516       16         0
                text0                              148A     148A       22         0
                cinit                              1500     1500       16         0

        CLASS   CONST          

        CLASS   SMALLCONST     
                smallconst                         1000     1000       58         0

        CLASS   MEDIUMCONST    

        CLASS   COMRAM         
                temp                                 4C       4C        1         1
                cstackCOMRAM                         35       35       17         1
                bssCOMRAM                             1        1       34         1

        CLASS   ABS1           

        CLASS   BIGRAM         

        CLASS   RAM            

        CLASS   BANK0          
                cstackBANK0                          60       60        C         1

        CLASS   BANK1          

        CLASS   BANK2          

        CLASS   BANK3          

        CLASS   BANK4          

        CLASS   BANK5          

        CLASS   BANK6          

        CLASS   BANK7          

        CLASS   BANK8          

        CLASS   BANK9          

        CLASS   BANK10         

        CLASS   BANK11         

        CLASS   BANK12         

        CLASS   BANK13         

        CLASS   BANK14         

        CLASS   BANK15         

        CLASS   SFR            

        CLASS   BIGSFR         

        CLASS   CONFIG         
                config                           300000   300000        E         4

        CLASS   IDLOC          

        CLASS   EEDATA         

        CLASS   FARRAM         

        CLASS   HEAP           

        CLASS   STACK          



SEGMENTS        Name                           Load    Length   Top    Selector   Space  Class

                reset_vec                      000000  000004  000004         0       0  CODE    
                bssCOMRAM                      000001  00004C  00004D         1       1  COMRAM  
                intcode                        000008  0000A8  0000B0         4       0  CODE    
                cstackBANK0                    000060  00000C  00006C        60       1  BANK0   
                smallconst                     001000  000058  001058       800       0  SMALLCON
                text14                         001058  0005F6  00164E       82C       0  CODE    


UNUSED ADDRESS RANGES

        Name                Unused          Largest block    Delta
        BANK0            00006C-0000FF               94
        BANK1            000100-0001FF              100
        BANK10           000A00-000AFF              100
        BANK11           000B00-000BFF              100
        BANK12           000C00-000CFF              100
        BANK13           000D00-000DFF              100
        BANK14           000E00-000EFF              100
        BANK15           000F00-000F5F               60
        BANK2            000200-0002FF              100
        BANK3            000300-0003FF              100
        BANK4            000400-0004FF              100
        BANK5            000500-0005FF              100
        BANK6            000600-0006FF              100
        BANK7            000700-0007FF              100
        BANK8            000800-0008FF              100
        BANK9            000900-0009FF              100
        BIGRAM           00004D-00005F               13
                         00006C-000F5F              EF4
        BIGSFR           000F60-000FFF               A0
        CODE             000004-000007                4
                         0000B0-000FFF              F50
                         00164E-00FFFF             E9B2
        COMRAM           00004D-00005F               13
        CONST            000004-000007                4
                         0000B0-000FFF              F50
                         00164E-00FFFF             E9B2
        EEDATA           F00000-F003FF              400
        IDLOC            200000-200007                8
        MEDIUMCONST      00164E-00FFFF             E9B2
        RAM              00006C-000F5F              100
        SFR              000F60-000FFF               A0
        SMALLCONST       00164E-00FFFF              100

                                  Symbol Table

?_RealTimeDS1307_Gen_Data                           cstackBANK0  000060
EUSART_FramingErrorCallbackRegister@callbackHandler cstackCOMRAM 000043
EUSART_OverrunErrorCallbackRegister@callbackHandler cstackCOMRAM 000043
I2C1_CallbackRegister@callbackHandler               cstackCOMRAM 000043
I2C1_DataTransmit@data                              cstackCOMRAM 000035
I2C1_EVENT_ERROR@retEventState                      cstackCOMRAM 000035
I2C1_EVENT_NACK@retEventState                       cstackCOMRAM 000035
I2C1_EVENT_RX@retEventState                         cstackCOMRAM 000035
I2C1_EVENT_TX@retEventState                         cstackCOMRAM 000036
I2C1_Read@address                                   cstackCOMRAM 000044
I2C1_Read@data                                      cstackCOMRAM 000046
I2C1_Read@dataLength                                cstackCOMRAM 000048
I2C1_Read@retStatus                                 cstackCOMRAM 00004A
INT0_SetInterruptHandler@InterruptHandler           cstackCOMRAM 000043
INT1_SetInterruptHandler@InterruptHandler           cstackCOMRAM 000043
INT2_SetInterruptHandler@InterruptHandler           cstackCOMRAM 000043
_ANSELH                                             (abs)        000F7F
_BAUDCON                                            (abs)        000FB8
_BAUDCONbits                                        (abs)        000FB8
_CLOCK_Initialize                                   text13       0015CA
_EUSART_AutoBaudQuery                               (abs)        000000
_EUSART_AutoBaudSet                                 (abs)        000000
_EUSART_DefaultFramingErrorCallback                 (abs)        000000
_EUSART_DefaultOverrunErrorCallback                 (abs)        000000
_EUSART_Deinitialize                                (abs)        000000
_EUSART_ErrorGet                                    (abs)        000000
_EUSART_FramingErrorCallbackRegister                text12       0014E4
_EUSART_FramingErrorHandler                         bssCOMRAM    00002B
_EUSART_Initialize                                  text10       001374
_EUSART_IsRxReady                                   (abs)        000000
_EUSART_IsTxDone                                    (abs)        000000
_EUSART_IsTxReady                                   (abs)        000000
_EUSART_OverrunErrorCallbackRegister                text11       0014C8
_EUSART_OverrunErrorHandler                         bssCOMRAM    000029
_EUSART_Read                                        (abs)        000000
_EUSART_TransmitDisable                             (abs)        000000
_EUSART_TransmitEnable                              (abs)        000000
_EUSART_Write                                       (abs)        000000
_I2C1_AckSend                                       text43       00161A
_I2C1_BusReset                                      text49       001626
_I2C1_Callback                                      bssCOMRAM    000027
_I2C1_CallbackRegister                              text9        0014AC
_I2C1_Close                                         text45       001410
_I2C1_DataReceive                                   text42       00163C
_I2C1_DataTransmit                                  text37       0015FA
_I2C1_DefaultCallback                               text50       00164C
_I2C1_Deinitialize                                  (abs)        000000
_I2C1_ERROR_ISR                                     text25       00160E
_I2C1_EVENT_ERROR                                   text29       0015DE
_I2C1_EVENT_IDLE                                    text34       0015F2
_I2C1_EVENT_NACK                                    text30       0015E8
_I2C1_EVENT_RESET                                   text27       00157C
_I2C1_EVENT_RX                                      text31       0011EA
_I2C1_EVENT_SEND_RD_ADDR                            text33       0015A0
_I2C1_EVENT_SEND_WR_ADDR                            text32       001594
_I2C1_EVENT_STOP                                    text28       001588
_I2C1_EVENT_TX                                      text35       0012C0
_I2C1_ErrorEventHandler                             text26       00125E
_I2C1_ErrorGet                                      (abs)        000000
_I2C1_ErrorInterruptClear                           text48       001648
_I2C1_EventHandler                                  text21       001144
_I2C1_Host                                          smallconst   001031
_I2C1_ISR                                           text20       001608
_I2C1_Initialize                                    text7        001466
_I2C1_InterruptClear                                text47       001644
_I2C1_InterruptsEnable                              text8        001602
_I2C1_IsAddr                                        text24       001554
_I2C1_IsBusy                                        text18       00143C
_I2C1_IsBusy$1709                                   cstackCOMRAM 000043
_I2C1_IsData                                        text23       001540
_I2C1_IsNack                                        text22       00152C
_I2C1_IsRxBufFull                                   text41       001568
_I2C1_NackSend                                      text40       001614
_I2C1_Read                                          text15       00131C
_I2C1_ReadStart                                     text16       0015D4
_I2C1_ReceiveEnable                                 text39       001638
_I2C1_RestartDisable                                text38       001634
_I2C1_RestartEnable                                 text36       001630
_I2C1_StartSend                                     text17       00162C
_I2C1_StatusFlagsClear                              text46       001620
_I2C1_StopSend                                      text44       001640
_I2C1_Write                                         (abs)        000000
_I2C1_WriteRead                                     (abs)        000000
_INT0_DefaultInterruptHandler                       (abs)        000000
_INT0_InterruptHandler                              bssCOMRAM    000033
_INT0_SetInterruptHandler                           text6        0015C0
_INT1_DefaultInterruptHandler                       (abs)        000000
_INT1_InterruptHandler                              bssCOMRAM    000031
_INT1_SetInterruptHandler                           text5        0015B6
_INT2_DefaultInterruptHandler                       (abs)        000000
_INT2_InterruptHandler                              bssCOMRAM    00002F
_INT2_SetInterruptHandler                           text4        0015AC
_INTCON2bits                                        (abs)        000FF1
_INTCON3bits                                        (abs)        000FF0
_INTCONbits                                         (abs)        000FF2
_INTERRUPT_Initialize                               text3        0013AA
_INTERRUPT_InterruptManager                         intcode      000008
_IOCB                                               (abs)        000F7D
_LATA                                               (abs)        000F89
_LATB                                               (abs)        000F8A
_LATC                                               (abs)        000F8B
_LATD                                               (abs)        000F8C
_LATE                                               (abs)        000F8D
_OSCCON                                             (abs)        000FD3
_OSCTUNE                                            (abs)        000F9B
_PIE1bits                                           (abs)        000F9D
_PIE2bits                                           (abs)        000FA0
_PIN_MANAGER_Initialize                             text2        0013DE
_PIR1bits                                           (abs)        000F9E
_PIR2bits                                           (abs)        000FA1
_RCONbits                                           (abs)        000FD0
_RCREG                                              (abs)        000FAE
_RCSTA                                              (abs)        000FAB
_RCSTAbits                                          (abs)        000FAB
_RealTimeDS1307_Gen_Data                            text14       001058
_Real_TimeDs1307                                    bssCOMRAM    00000F
_Real_TimeDs1307_data                               bssCOMRAM    00001B
_SPBRG                                              (abs)        000FAF
_SPBRGH                                             (abs)        000FB0
_SSPADD                                             (abs)        000FC8
_SSPBUF                                             (abs)        000FC9
_SSPCON1                                            (abs)        000FC6
_SSPCON1bits                                        (abs)        000FC6
_SSPCON2                                            (abs)        000FC5
_SSPCON2bits                                        (abs)        000FC5
_SSPSTAT                                            (abs)        000FC7
_SSPSTATbits                                        (abs)        000FC7
_SYSTEM_Initialize                                  text1        001516
_TRISA                                              (abs)        000F92
_TRISB                                              (abs)        000F93
_TRISC                                              (abs)        000F94
_TRISD                                              (abs)        000F95
_TRISE                                              (abs)        000F96
_TXREG                                              (abs)        000FAD
_TXSTA                                              (abs)        000FAC
_TXSTAbits                                          (abs)        000FAC
_UART1                                              smallconst   001001
_WPUB                                               (abs)        000F7C
__HRAM                                              (abs)        000000
__H__absolute__                                     __absolute__ 000000
__Habs1                                             abs1         000000
__Hbank0                                            bank0        000000
__Hbank1                                            bank1        000000
__Hbank10                                           bank10       000000
__Hbank11                                           bank11       000000
__Hbank12                                           bank12       000000
__Hbank13                                           bank13       000000
__Hbank14                                           bank14       000000
__Hbank15                                           bank15       000000
__Hbank2                                            bank2        000000
__Hbank3                                            bank3        000000
__Hbank4                                            bank4        000000
__Hbank5                                            bank5        000000
__Hbank6                                            bank6        000000
__Hbank7                                            bank7        000000
__Hbank8                                            bank8        000000
__Hbank9                                            bank9        000000
__Hbigbss                                           bigbss       000000
__Hbigdata                                          bigdata      000000
__Hbigram                                           bigram       000000
__Hbigsfr                                           bigsfr       000000
__Hbss                                              bss          000000
__HbssCOMRAM                                        bssCOMRAM    000000
__Hcinit                                            cinit        000000
__Hclrtext                                          clrtext      000000
__Hcomram                                           comram       000000
__Hconfig                                           config       30000E
__Hconst                                            const        000000
__HcstackBANK0                                      cstackBANK0  000000
__HcstackCOMRAM                                     cstackCOMRAM 000000
__Hdata                                             data         000000
__Heeprom_data                                      eeprom_data  000000
__Hfarbss                                           farbss       000000
__Hfardata                                          fardata      000000
__Hheap                                             heap         000000
__Hibigdata                                         ibigdata     000000
__Hidata                                            idata        000000
__Hidloc                                            idloc        000000
__Hifardata                                         ifardata     000000
__Hinit                                             init         0000B0
__Hintcode                                          intcode      0000AC
__Hintcode_body                                     intcode_body 000000
__Hintcodelo                                        intcodelo    0000AC
__Hintentry                                         intentry     000000
__Hintret                                           intret       000000
__Hintsave_regs                                     intsave_regs 000000
__Hirdata                                           irdata       000000
__Hmediumconst                                      mediumconst  000000
__HnvFARRAM                                         nvFARRAM     000000
__Hnvbit                                            nvbit        000000
__Hnvrram                                           nvrram       000000
__Hparam                                            rparam       000000
__Hpowerup                                          powerup      0000AC
__Hram                                              ram          000000
__Hramtop                                           ramtop       001000
__Hrbit                                             rbit         000000
__Hrbss                                             rbss         000000
__Hrdata                                            rdata        000000
__Hreset_vec                                        reset_vec    000004
__Hrparam                                           rparam       000000
__Hsfr                                              sfr          000000
__Hsmallconst                                       smallconst   001058
__Hspace_0                                          (abs)        00164E
__Hspace_1                                          (abs)        00006C
__Hspace_2                                          (abs)        000000
__Hspace_4                                          (abs)        60000E
__Hstack                                            stack        000000
__Hstruct                                           struct       000000
__Htemp                                             temp         00004D
__Htext                                             text         000000
__Htext0                                            text0        000000
__Htext1                                            text1        000000
__Htext10                                           text10       000000
__Htext11                                           text11       000000
__Htext12                                           text12       000000
__Htext13                                           text13       000000
__Htext14                                           text14       000000
__Htext15                                           text15       000000
__Htext16                                           text16       000000
__Htext17                                           text17       000000
__Htext18                                           text18       000000
__Htext2                                            text2        000000
__Htext20                                           text20       000000
__Htext21                                           text21       000000
__Htext22                                           text22       000000
__Htext23                                           text23       000000
__Htext24                                           text24       000000
__Htext25                                           text25       000000
__Htext26                                           text26       000000
__Htext27                                           text27       000000
__Htext28                                           text28       000000
__Htext29                                           text29       000000
__Htext3                                            text3        000000
__Htext30                                           text30       000000
__Htext31                                           text31       000000
__Htext32                                           text32       000000
__Htext33                                           text33       000000
__Htext34                                           text34       000000
__Htext35                                           text35       000000
__Htext36                                           text36       000000
__Htext37                                           text37       000000
__Htext38                                           text38       000000
__Htext39                                           text39       000000
__Htext4                                            text4        000000
__Htext40                                           text40       000000
__Htext41                                           text41       000000
__Htext42                                           text42       000000
__Htext43                                           text43       000000
__Htext44                                           text44       000000
__Htext45                                           text45       000000
__Htext46                                           text46       000000
__Htext47                                           text47       000000
__Htext48                                           text48       000000
__Htext49                                           text49       000000
__Htext5                                            text5        000000
__Htext50                                           text50       000000
__Htext51                                           text51       000000
__Htext6                                            text6        000000
__Htext7                                            text7        000000
__Htext8                                            text8        000000
__Htext9                                            text9        000000
__LRAM                                              (abs)        000001
__L__absolute__                                     __absolute__ 000000
__Labs1                                             abs1         000000
__Lbank0                                            bank0        000000
__Lbank1                                            bank1        000000
__Lbank10                                           bank10       000000
__Lbank11                                           bank11       000000
__Lbank12                                           bank12       000000
__Lbank13                                           bank13       000000
__Lbank14                                           bank14       000000
__Lbank15                                           bank15       000000
__Lbank2                                            bank2        000000
__Lbank3                                            bank3        000000
__Lbank4                                            bank4        000000
__Lbank5                                            bank5        000000
__Lbank6                                            bank6        000000
__Lbank7                                            bank7        000000
__Lbank8                                            bank8        000000
__Lbank9                                            bank9        000000
__Lbigbss                                           bigbss       000000
__Lbigdata                                          bigdata      000000
__Lbigram                                           bigram       000000
__Lbigsfr                                           bigsfr       000000
__Lbss                                              bss          000000
__LbssCOMRAM                                        bssCOMRAM    000000
__Lcinit                                            cinit        000000
__Lclrtext                                          clrtext      000000
__Lcomram                                           comram       000000
__Lconfig                                           config       000000
__Lconst                                            const        000000
__LcstackBANK0                                      cstackBANK0  000000
__LcstackCOMRAM                                     cstackCOMRAM 000000
__Ldata                                             data         000000
__Leeprom_data                                      eeprom_data  000000
__Lfarbss                                           farbss       000000
__Lfardata                                          fardata      000000
__Lheap                                             heap         000000
__Libigdata                                         ibigdata     000000
__Lidata                                            idata        000000
__Lidloc                                            idloc        000000
__Lifardata                                         ifardata     000000
__Linit                                             init         0000AC
__Lintcode                                          intcode      000008
__Lintcode_body                                     intcode_body 000000
__Lintcodelo                                        intcodelo    0000AC
__Lintentry                                         intentry     000000
__Lintret                                           intret       000000
__Lintsave_regs                                     intsave_regs 000000
__Lirdata                                           irdata       000000
__Lmediumconst                                      mediumconst  000000
__LnvFARRAM                                         nvFARRAM     000000
__Lnvbit                                            nvbit        000000
__Lnvrram                                           nvrram       000000
__Lparam                                            rparam       000000
__Lpowerup                                          powerup      0000AC
__Lram                                              ram          000000
__Lramtop                                           ramtop       001000
__Lrbit                                             rbit         000000
__Lrbss                                             rbss         000000
__Lrdata                                            rdata        000000
__Lreset_vec                                        reset_vec    000000
__Lrparam                                           rparam       000000
__Lsfr                                              sfr          000000
__Lsmallconst                                       smallconst   001000
__Lspace_0                                          (abs)        000000
__Lspace_1                                          (abs)        000000
__Lspace_2                                          (abs)        000000
__Lspace_4                                          (abs)        000000
__Lstack                                            stack        000000
__Lstruct                                           struct       000000
__Ltemp                                             temp         00004C
__Ltext                                             text         000000
__Ltext0                                            text0        000000
__Ltext1                                            text1        000000
__Ltext10                                           text10       000000
__Ltext11                                           text11       000000
__Ltext12                                           text12       000000
__Ltext13                                           text13       000000
__Ltext14                                           text14       000000
__Ltext15                                           text15       000000
__Ltext16                                           text16       000000
__Ltext17                                           text17       000000
__Ltext18                                           text18       000000
__Ltext2                                            text2        000000
__Ltext20                                           text20       000000
__Ltext21                                           text21       000000
__Ltext22                                           text22       000000
__Ltext23                                           text23       000000
__Ltext24                                           text24       000000
__Ltext25                                           text25       000000
__Ltext26                                           text26       000000
__Ltext27                                           text27       000000
__Ltext28                                           text28       000000
__Ltext29                                           text29       000000
__Ltext3                                            text3        000000
__Ltext30                                           text30       000000
__Ltext31                                           text31       000000
__Ltext32                                           text32       000000
__Ltext33                                           text33       000000
__Ltext34                                           text34       000000
__Ltext35                                           text35       000000
__Ltext36                                           text36       000000
__Ltext37                                           text37       000000
__Ltext38                                           text38       000000
__Ltext39                                           text39       000000
__Ltext4                                            text4        000000
__Ltext40                                           text40       000000
__Ltext41                                           text41       000000
__Ltext42                                           text42       000000
__Ltext43                                           text43       000000
__Ltext44                                           text44       000000
__Ltext45                                           text45       000000
__Ltext46                                           text46       000000
__Ltext47                                           text47       000000
__Ltext48                                           text48       000000
__Ltext49                                           text49       000000
__Ltext5                                            text5        000000
__Ltext50                                           text50       000000
__Ltext51                                           text51       000000
__Ltext6                                            text6        000000
__Ltext7                                            text7        000000
__Ltext8                                            text8        000000
__Ltext9                                            text9        000000
__S0                                                (abs)        00164E
__S1                                                (abs)        00006C
__S4                                                (abs)        000000
__S5                                                (abs)        000000
___heap_hi                                          (abs)        000000
___heap_lo                                          (abs)        000000
___inthi_sp                                         stack        000000
___intlo_sp                                         stack        000000
___param_bank                                       (abs)        000000
___rparam_used                                      (abs)        000001
___sp                                               stack        000000
__accesstop                                         (abs)        000060
__activetblptr                                      (abs)        000003
__end_of_CLOCK_Initialize                           text13       0015D4
__end_of_EUSART_FramingErrorCallbackRegister        text12       001500
__end_of_EUSART_Initialize                          text10       0013AA
__end_of_EUSART_OverrunErrorCallbackRegister        text11       0014E4
__end_of_I2C1_AckSend                               text43       001620
__end_of_I2C1_BusReset                              text49       00162C
__end_of_I2C1_CallbackRegister                      text9        0014C8
__end_of_I2C1_Close                                 text45       00143C
__end_of_I2C1_DataReceive                           text42       001640
__end_of_I2C1_DataTransmit                          text37       001602
__end_of_I2C1_DefaultCallback                       text50       00164E
__end_of_I2C1_ERROR_ISR                             text25       001614
__end_of_I2C1_EVENT_ERROR                           text29       0015E8
__end_of_I2C1_EVENT_IDLE                            text34       0015FA
__end_of_I2C1_EVENT_NACK                            text30       0015F2
__end_of_I2C1_EVENT_RESET                           text27       001588
__end_of_I2C1_EVENT_RX                              text31       00125E
__end_of_I2C1_EVENT_SEND_RD_ADDR                    text33       0015AC
__end_of_I2C1_EVENT_SEND_WR_ADDR                    text32       0015A0
__end_of_I2C1_EVENT_STOP                            text28       001594
__end_of_I2C1_EVENT_TX                              text35       00131C
__end_of_I2C1_ErrorEventHandler                     text26       0012C0
__end_of_I2C1_ErrorInterruptClear                   text48       00164C
__end_of_I2C1_EventHandler                          text21       0011EA
__end_of_I2C1_Host                                  smallconst   001045
__end_of_I2C1_ISR                                   text20       00160E
__end_of_I2C1_Initialize                            text7        00148A
__end_of_I2C1_InterruptClear                        text47       001648
__end_of_I2C1_InterruptsEnable                      text8        001608
__end_of_I2C1_IsAddr                                text24       001568
__end_of_I2C1_IsBusy                                text18       001466
__end_of_I2C1_IsData                                text23       001554
__end_of_I2C1_IsNack                                text22       001540
__end_of_I2C1_IsRxBufFull                           text41       00157C
__end_of_I2C1_NackSend                              text40       00161A
__end_of_I2C1_Read                                  text15       001374
__end_of_I2C1_ReadStart                             text16       0015DE
__end_of_I2C1_ReceiveEnable                         text39       00163C
__end_of_I2C1_RestartDisable                        text38       001638
__end_of_I2C1_RestartEnable                         text36       001634
__end_of_I2C1_StartSend                             text17       001630
__end_of_I2C1_StatusFlagsClear                      text46       001626
__end_of_I2C1_StopSend                              text44       001644
__end_of_INT0_SetInterruptHandler                   text6        0015CA
__end_of_INT1_SetInterruptHandler                   text5        0015C0
__end_of_INT2_SetInterruptHandler                   text4        0015B6
__end_of_INTERRUPT_Initialize                       text3        0013DE
__end_of_INTERRUPT_InterruptManager                 intcode      0000AC
__end_of_PIN_MANAGER_Initialize                     text2        001410
__end_of_RealTimeDS1307_Gen_Data                    text14       001144
__end_of_SYSTEM_Initialize                          text1        00152C
__end_of_UART1                                      smallconst   001031
__end_of__initialization                            cinit        00150C
__end_of_i2c1_eventTable                            smallconst   001057
__end_of_main                                       text0        0014AC
__initialization                                    cinit        001500
__mediumconst                                       mediumconst  000000
__pbssCOMRAM                                        bssCOMRAM    000001
__pcinit                                            cinit        001500
__pcstackBANK0                                      cstackBANK0  000060
__pcstackCOMRAM                                     cstackCOMRAM 000035
__pintcode                                          intcode      000008
__psmallconst                                       smallconst   001000
__ptext0                                            text0        00148A
__ptext1                                            text1        001516
__ptext10                                           text10       001374
__ptext11                                           text11       0014C8
__ptext12                                           text12       0014E4
__ptext13                                           text13       0015CA
__ptext14                                           text14       001058
__ptext15                                           text15       00131C
__ptext16                                           text16       0015D4
__ptext17                                           text17       00162C
__ptext18                                           text18       00143C
__ptext2                                            text2        0013DE
__ptext20                                           text20       001608
__ptext21                                           text21       001144
__ptext22                                           text22       00152C
__ptext23                                           text23       001540
__ptext24                                           text24       001554
__ptext25                                           text25       00160E
__ptext26                                           text26       00125E
__ptext27                                           text27       00157C
__ptext28                                           text28       001588
__ptext29                                           text29       0015DE
__ptext3                                            text3        0013AA
__ptext30                                           text30       0015E8
__ptext31                                           text31       0011EA
__ptext32                                           text32       001594
__ptext33                                           text33       0015A0
__ptext34                                           text34       0015F2
__ptext35                                           text35       0012C0
__ptext36                                           text36       001630
__ptext37                                           text37       0015FA
__ptext38                                           text38       001634
__ptext39                                           text39       001638
__ptext4                                            text4        0015AC
__ptext40                                           text40       001614
__ptext41                                           text41       001568
__ptext42                                           text42       00163C
__ptext43                                           text43       00161A
__ptext44                                           text44       001640
__ptext45                                           text45       001410
__ptext46                                           text46       001620
__ptext47                                           text47       001644
__ptext48                                           text48       001648
__ptext49                                           text49       001626
__ptext5                                            text5        0015B6
__ptext50                                           text50       00164C
__ptext51                                           text51       000000
__ptext6                                            text6        0015C0
__ptext7                                            text7        001466
__ptext8                                            text8        001602
__ptext9                                            text9        0014AC
__ramtop                                            ramtop       001000
__smallconst                                        smallconst   001000
_eusartRxLastError                                  bssCOMRAM    00002D
_i2c1Status                                         bssCOMRAM    000001
_i2c1_eventTable                                    smallconst   001045
_main                                               text0        00148A
btemp                                               temp         00004C
end_of_initialization                               cinit        00150C
int$flags                                           temp         00004C
intlevel0                                           text         000000
intlevel1                                           text         000000
intlevel2                                           text         000000
intlevel3                                           text         000000
isa$std                                             (abs)        000001
isa$xinst                                           (abs)        000000
stackhi                                             (abs)        000000
stacklo                                             (abs)        000000
start                                               init         0000AC
start_initialization                                cinit        001500
ttemp5                                              temp         00004D
ttemp6                                              temp         000050
ttemp7                                              temp         000054
wtemp8                                              temp         00004D


MODULE INFORMATION

Module		Function		Class		Link	Load	Size
mcc_generated_files/system/src/interrupt.c
		_INT0_SetInterruptHandler		CODE           	15C0	0000	10
		_INT1_SetInterruptHandler		CODE           	15B6	0000	10
		_INT2_SetInterruptHandler		CODE           	15AC	0000	10
		_INTERRUPT_Initialize		CODE           	13AA	0000	52
		_INTERRUPT_InterruptManager		CODE           	0008	0000	164

mcc_generated_files/system/src/interrupt.c estimated size: 246

mcc_generated_files/system/src/pins.c
		_PIN_MANAGER_Initialize		CODE           	13DE	0000	50

mcc_generated_files/system/src/pins.c estimated size: 50

RealTimeDS1307/RealTimeDS1307.c
		_RealTimeDS1307_Gen_Data		CODE           	1058	0000	236

RealTimeDS1307/RealTimeDS1307.c estimated size: 236

shared
		__initialization		CODE           	1500	0000	12
		_I2C1_Host     		SMALLCONST     	1031	0000	20
		_i2c1_eventTable		SMALLCONST     	1045	0000	18
		_UART1         		SMALLCONST     	1001	0000	48

shared estimated size: 98

mcc_generated_files/uart/src/eusart.c
		_EUSART_FramingErrorCallbackRegister		CODE           	14E4	0000	28
		_EUSART_OverrunErrorCallbackRegister		CODE           	14C8	0000	28
		_EUSART_Initialize		CODE           	1374	0000	54

mcc_generated_files/uart/src/eusart.c estimated size: 110

mcc_generated_files/system/src/clock.c
		_CLOCK_Initialize		CODE           	15CA	0000	10

mcc_generated_files/system/src/clock.c estimated size: 10

mcc_generated_files/i2c_host/src/mssp.c
		_I2C1_EVENT_SEND_WR_ADDR		CODE           	1594	0000	12
		_I2C1_Read     		CODE           	131C	0000	88
		_I2C1_NackSend 		CODE           	1614	0000	6
		_I2C1_ErrorEventHandler		CODE           	125E	0000	98
		_I2C1_CallbackRegister		CODE           	14AC	0000	28
		_I2C1_EVENT_RESET		CODE           	157C	0000	12
		_I2C1_EVENT_ERROR		CODE           	15DE	0000	10
		_I2C1_ErrorInterruptClear		CODE           	1648	0000	4
		_I2C1_StatusFlagsClear		CODE           	1620	0000	6
		_I2C1_InterruptsEnable		CODE           	1602	0000	6
		_I2C1_InterruptClear		CODE           	1644	0000	4
		_I2C1_ReadStart		CODE           	15D4	0000	10
		_I2C1_EVENT_RX 		CODE           	11EA	0000	116
		_I2C1_EVENT_TX 		CODE           	12C0	0000	92
		_I2C1_ReceiveEnable		CODE           	1638	0000	4
		_I2C1_RestartEnable		CODE           	1630	0000	4
		_I2C1_ISR      		CODE           	1608	0000	6
		_I2C1_EventHandler		CODE           	1144	0000	166
		_I2C1_DataReceive		CODE           	163C	0000	4
		_I2C1_IsData   		CODE           	1540	0000	20
		_I2C1_IsNack   		CODE           	152C	0000	20
		_I2C1_IsAddr   		CODE           	1554	0000	20
		_I2C1_IsBusy   		CODE           	143C	0000	42
		_I2C1_EVENT_IDLE		CODE           	15F2	0000	8
		_I2C1_EVENT_NACK		CODE           	15E8	0000	10
		_I2C1_EVENT_SEND_RD_ADDR		CODE           	15A0	0000	12
		_I2C1_EVENT_STOP		CODE           	1588	0000	12
		_I2C1_BusReset 		CODE           	1626	0000	6
		_I2C1_Initialize		CODE           	1466	0000	36
		_I2C1_Close    		CODE           	1410	0000	44
		_I2C1_ERROR_ISR		CODE           	160E	0000	6
		_I2C1_IsRxBufFull		CODE           	1568	0000	20
		_I2C1_StopSend 		CODE           	1640	0000	4
		_I2C1_RestartDisable		CODE           	1634	0000	4
		_I2C1_DataTransmit		CODE           	15FA	0000	8
		_I2C1_AckSend  		CODE           	161A	0000	6
		_I2C1_DefaultCallback		CODE           	164C	0000	2
		_I2C1_StartSend		CODE           	162C	0000	4

mcc_generated_files/i2c_host/src/mssp.c estimated size: 960

main.c
		_main          		CODE           	148A	0000	34

main.c estimated size: 34

mcc_generated_files/system/src/system.c
		_SYSTEM_Initialize		CODE           	1516	0000	22

mcc_generated_files/system/src/system.c estimated size: 22

